---
source: basalt/src/note_editor/editor.rs
expression: terminal.backend()
---
"╭──────────────────────────────────────────────────────────────────────────────╮"
"│ 𝕋𝕖𝕤𝕥                                                                         │"
"│ ════════════════════════════════════════════════════════════════════════════ │"
"│                                                                              │"
"│ Tables                                                                       │"
"│ ──────────────────────────────────────────────────────────────────────────── │"
"│                                                                              │"
"│ ┌───────┬────────────┐                                                       │"
"│ | Name  | Role       |                                                       │"
"│ ├───────┼────────────┤                                                       │"
"│ │ Alice │ Maintainer │                                                       │"
"│ ├───────┼────────────┤                                                       │"
"│ │ Bob   │  Reviewer  │                                                       │"
"│ └───────┴────────────┘                                                       │"
"│                                                                              │"
"│                                                                              │"
"│                                                                              │"
"│                                                                              │"
"│                                                                              │"
"╰ EDIT ────────────────────────────────────────────────────────────────────────╯"
