---
source: basalt/src/note_editor/editor.rs
expression: terminal.backend()
---
"╭──────────────────────────────────────────────────────────────────────────────╮"
"│ 𝕋𝕖𝕤𝕥                                                                         │"
"│ ════════════════════════════════════════════════════════════════════════════ │"
"│                                                                              │"
"│ Code blocks                                                                  │"
"│ ──────────────────────────────────────────────────────────────────────────── │"
"│ You can add syntax highlighting to a code block, by adding a language code   │"
"│  ⤷ after the first set of backticks.                                         │"
"│                                                                              │"
"│                                                                              │"
"│  function fancyAlert(arg) {                                                  │"
"│    if(arg) {                                                                 │"
"│      $.facebox({div:'#foo'})                                                 │"
"│    }                                                                         │"
"│  }                                                                           │"
"│                                                                              │"
"│                                                                              │"
"│                                                                              │"
"│                                                                              │"
"╰ READ ────────────────────────────────────────────────────────────────────────╯"
