---
source: basalt/src/note_editor/editor.rs
expression: terminal.backend()
---
"╭──────────────────────────────────────────────────────────────────────────────╮"
"│ Paragraphs                                                                   │"
"│ ──────────────────────────────────────────────────────────────────────────── │"
"│ To create paragraphs in Markdown, use a blank line to separate blocks of     │"
"│ text. Each block of text separated by a blank line is treated as a distinct  │"
"│ paragraph.                                                                   │"
"│                                                                              │"
"│ This is a paragraph.                                                         │"
"│                                                                              │"
"│ This is another paragraph.                                                   │"
"│                                                                              │"
"│ A blank line between lines of text creates separate paragraphs. This is the  │"
"│ default behavior in Markdown.                                                │"
"│                                                                              │"
"│                                                                              │"
"│                                                                              │"
"│                                                                              │"
"│                                                                              │"
"│                                                                              │"
"╰ READ ────────────────────────────────────────────────────────────────────────╯"
