---
source: basalt/src/note_editor/editor.rs
expression: terminal.backend()
---
"╭──────────────────────────────────────────────────────────────────────────────╮"
"│ 𝕝𝕚𝕤𝕥𝕤_𝕝𝕚𝕟𝕖_𝕓𝕣𝕖𝕒𝕜𝕤                                                            │"
"│ ════════════════════════════════════════════════════════════════════════════ │"
"│                                                                              │"
"│ Lists with line breaks                                                       │"
"│ ──────────────────────────────────────────────────────────────────────────── │"
"│ You can use line breaks within an ordered list without altering the          │"
"│  ⤷ numbering.                                                                │"
"│                                                                              │"
"│ 1. First list item                                                           │"
"│ 2. Second list item                                                          │"
"│ 3. Third list item                                                           │"
"│ 4. Fourth list item                                                          │"
"│ 5. Fifth list item                                                           │"
"│ 6. Sixth list item                                                           │"
"│                                                                              │"
"│                                                                              │"
"│                                                                              │"
"│                                                                              │"
"╰ READ ────────────────────────────────────────────────────────────────────────╯"
