---
source: basalt/src/note_editor/editor.rs
expression: terminal.backend()
---
"╭──────────────────────────────────────────────────────────────────────────────╮"
"│ 𝕋𝕖𝕤𝕥                                                                         │"
"│ ════════════════════════════════════════════════════════════════════════════ │"
"│                                                                              │"
"│ Task lists                                                                   │"
"│ ──────────────────────────────────────────────────────────────────────────── │"
"│ To create a task list, start each list item with a hyphen and space          │"
"│  ⤷ followed by [ ].                                                          │"
"│                                                                              │"
"│ ■ This is a completed task.                                                  │"
"│ □ This is an incomplete task.                                                │"
"│                                                                              │"
"│ ┃ You can use any character inside the brackets to mark it as complete.      │"
"│                                                                              │"
"│ ■ Oats                                                                       │"
"│ - [?] Flour                                                                  │"
"│ - [d] Apples                                                                 │"
"│                                                                              │"
"│                                                                              │"
"╰ READ ────────────────────────────────────────────────────────────────────────╯"
