---
source: basalt/src/note_editor/editor.rs
expression: terminal.backend()
---
"╭──────────────────────────────────────╮"
"│ 𝕋𝕖𝕤𝕥                                 │"
"│ ════════════════════════════════════ │"
"│                                      │"
"│ Diagram                              │"
"│ ──────────────────────────────────── │"
"│                                      │"
"│                                      │"
"│                                      │"
"│                                      │"
"│                                      │"
"│                                      │"
"│ Text after the image.                │"
"╰ READ ────────────────────────────────╯"
