---
source: basalt/src/note_editor/editor.rs
expression: terminal.backend()
---
"╭──────────────────────────────────────────────────────────────────────────────╮"
"│    𝕋𝕖𝕤𝕥                                                                      │"
"│    ═════════════════════════════════════════════════════════════════════════ │"
"│                                                                              │"
"│  1 para1                                                                     │"
"│  2                                                                           │"
"│  3                                                                           │"
"│  4                                                                           │"
"│  5 para2                                                                     │"
"│  6                                                                           │"
"│                                                                              │"
"│                                                                              │"
"│                                                                              │"
"│                                                                              │"
"│                                                                              │"
"│                                                                              │"
"│                                                                              │"
"│                                                                              │"
"│                                                                              │"
"╰──────────────────────────────────────────────────────────────────────────────╯"
