---
source: basalt/src/note_editor/editor.rs
expression: terminal.backend()
---
"╭──────────────────────────────────────────────────────────────────────────────╮"
"│ Nesting task lists                                                           │"
"│ ════════════════════════════════════════════════════════════════════════════ │"
"│ Similarly, you can create a nested task list by indenting one or more list   │"
"│ items:                                                                       │"
"│                                                                              │"
"│ □ Task item 1                                                                │"
"│ □ Subtask 1                                                                  │"
"│ □ Task item 2                                                                │"
"│ □ Subtask 1                                                                  │"
"│                                                                              │"
"│                                                                              │"
"│                                                                              │"
"│                                                                              │"
"│                                                                              │"
"│                                                                              │"
"│                                                                              │"
"│                                                                              │"
"│                                                                              │"
"╰ READ ────────────────────────────────────────────────────────────────────────╯"
