---
source: basalt/src/note_editor/editor.rs
expression: terminal.backend()
---
"╭──────────────────────────────────────────────────────────────────────────────╮"
"│ 𝕟𝕖𝕤𝕥𝕚𝕟𝕘_𝕝𝕚𝕤𝕥𝕤                                                                │"
"│ ════════════════════════════════════════════════════════════════════════════ │"
"│                                                                              │"
"│ Nesting lists                                                                │"
"│ ──────────────────────────────────────────────────────────────────────────── │"
"│ You can nest any type of list—ordered, unordered, or task lists—under        │"
"│  ⤷ any other type of list.                                                   │"
"│                                                                              │"
"│ To create a nested list, indent one or more list items. You can mix list     │"
"│  ⤷ types within a nested structure:                                          │"
"│                                                                              │"
"│ 1. First list item                                                           │"
"│   1. Ordered nested list item                                                │"
"│ 2. Second list item                                                          │"
"│   - Unordered nested list item                                               │"
"│                                                                              │"
"│                                                                              │"
"│                                                                              │"
"╰ READ ────────────────────────────────────────────────────────────────────────╯"
