---
source: basalt/src/note_editor/editor.rs
expression: terminal.backend()
---
"╭──────────────────────────────────────────────────────────────────────────────╮"
"│ 𝕋𝕖𝕤𝕥                                                                         │"
"│ ════════════════════════════════════════════════════════════════════════════ │"
"│                                                                              │"
"│ ## Lists with line breaks                                                    │"
"│ ──────────────────────────────────────────────────────────────────────────── │"
"│                                                                              │"
"│ 1. First list item                                                           │"
"│                                                                              │"
"│ 2. Second list item                                                          │"
"│ 3. Third list item                                                           │"
"│                                                                              │"
"│ 4. Fourth list item                                                          │"
"│                                                                              │"
"│                                                                              │"
"│                                                                              │"
"│                                                                              │"
"│                                                                              │"
"│                                                                              │"
"╰ EDIT ────────────────────────────────────────────────────────────────────────╯"
