---
source: basalt/src/note_editor/editor.rs
expression: terminal.backend()
---
"╭──────────────────────────────────────────────────────────────────────────────╮"
"│    𝕋𝕖𝕤𝕥                                                                      │"
"│    ═════════════════════════════════════════════════════════════════════════ │"
"│                                                                              │"
"│  1 Tables                                                                    │"
"│    ───────────────────────────────────────────────────────────────────────── │"
"│                                                                              │"
"│  2 ┌───────┬────────────┐                                                    │"
"│  3 │ Name  │    Role    │                                                    │"
"│  4 ├───────┼────────────┤                                                    │"
"│  5 | Alice | Maintainer |                                                    │"
"│    ├───────┼────────────┤                                                    │"
"│  6 │ Bob   │  Reviewer  │                                                    │"
"│    └───────┴────────────┘                                                    │"
"│  7                                                                           │"
"│                                                                              │"
"│                                                                              │"
"│                                                                              │"
"│                                                                              │"
"╰──────────────────────────────────────────────────────────────────────────────╯"
