---
source: basalt/src/note_editor/editor.rs
expression: terminal.backend()
---
"╭──────────────────────────────────────────────────────────────────────────────╮"
"│ 𝕋𝕖𝕤𝕥                                                                         │"
"│ ════════════════════════════════════════════════════════════════════════════ │"
"│                                                                              │"
"│ Callout Blocks                                                               │"
"│ ──────────────────────────────────────────────────────────────────────────── │"
"│ ✨ TIP                                                                       │" Hidden by multi-width symbols: [(3, " ")]
"│ ┃ You can turn your quote into a callout by adding [!info] as the first line │"
"│ ┃ ⤷ in a quote.                                                              │"
"│                                                                              │"
"│                                                                              │"
"│                                                                              │"
"│                                                                              │"
"│                                                                              │"
"│                                                                              │"
"│                                                                              │"
"│                                                                              │"
"│                                                                              │"
"│                                                                              │"
"╰ READ ────────────────────────────────────────────────────────────────────────╯"
