---
source: basalt/src/note_editor/editor.rs
expression: terminal.backend()
---
"╭──────────────────────────────────────────────────────────────────────────────╮"
"│ 𝕋𝕖𝕤𝕥                                                                         │"
"│ ════════════════════════════════════════════════════════════════════════════ │"
"│                                                                              │"
"│ ## Deep Quotes                                                               │"
"│ ──────────────────────────────────────────────────────────────────────────── │"
"│ You can have deeper levels of quotes by adding a > symbols before the        │"
"│  ⤷ text inside the block quote.                                              │"
"│                                                                              │"
"│ ┃ Regular thoughts                                                           │"
"│ ┃                                                                            │"
"│ ┃ ┃ Deeper thoughts                                                          │"
"│ ┃ ┃ ┃ Very deep thoughts                                                     │"
"│ ┃ ┃ ┃ - Someone on the internet 1996                                         │"
"│ ┃                                                                            │"
"│ ┃ Back to regular thoughts                                                   │"
"│                                                                              │"
"│                                                                              │"
"│                                                                              │"
"╰ EDIT ────────────────────────────────────────────────────────────────────────╯"
