---
source: basalt/src/note_editor/editor.rs
expression: terminal.backend()
---
"╭──────────────────────────────────────────────────────────────────────────────▲"
"│ 𝕙𝕖𝕒𝕕𝕚𝕟𝕘𝕤                                                                     █"
"│ ════════════════════════════════════════════════════════════════════════════ █"
"│                                                                              █"
"│ Headings                                                                     █"
"│ ──────────────────────────────────────────────────────────────────────────── █"
"│ To create a heading, add up to six # symbols before your heading text.       █"
"│  ⤷ The number of # symbols determines the size of the heading.               █"
"│                                                                              █"
"│ THIS IS A HEADING 1                                                          █"
"│ ════════════════════════════════════════════════════════════════════════════ █"
"│ This is a heading 2                                                          ║"
"│ ──────────────────────────────────────────────────────────────────────────── ║"
"│ ⬤  This is a heading 3                                                       ║"
"│                                                                              ║"
"│ ● This is a heading 4                                                        ║"
"│                                                                              ║"
"│ ◆ 𝓣𝓱𝓲𝓼 𝓲𝓼 𝓪 𝓱𝓮𝓪𝓭𝓲𝓷𝓰 𝟓                                                        ║"
"│                                                                              ║"
"╰ READ ────────────────────────────────────────────────────────────────────────▼"
