---
source: basalt/src/note_editor/editor.rs
expression: terminal.backend()
---
"╭──────────────────────────────────────────────────────────────────────────────╮"
"│    𝕋𝕖𝕤𝕥                                                                      │"
"│    ═════════════════════════════════════════════════════════════════════════ │"
"│                                                                              │"
"│  1 ## Lists with line breaks                                                 │"
"│    ───────────────────────────────────────────────────────────────────────── │"
"│  2                                                                           │"
"│  3 1. First list item                                                        │"
"│  4                                                                           │"
"│  5 2. Second list item                                                       │"
"│  6 3. Third list item                                                        │"
"│  7                                                                           │"
"│  8 4. Fourth list item                                                       │"
"│  9                                                                           │"
"│                                                                              │"
"│                                                                              │"
"│                                                                              │"
"│                                                                              │"
"│                                                                              │"
"╰──────────────────────────────────────────────────────────────────────────────╯"
