---
source: basalt/src/note_editor/editor.rs
expression: terminal.backend()
---
"╭──────────────────────────────────────────────────────────────────────────────╮"
"│ 𝓣𝓮𝓼𝓽                                                                         │"
"│ ════════════════════════════════════════════════════════════════════════════ │"
"│                                                                              │"
"│▎Callout Blocks                                                               │"
"│ ──────────────────────────────────────────────────────────────────────────── │"
"│ ▋ ☆ Tip                                                                      │"
"│ ▋ You can turn your quote into a callout by adding [!info] as the first line │"
"│ ▋ ⤷ in a quote.                                                              │"
"│                                                                              │"
"│                                                                              │"
"│                                                                              │"
"│                                                                              │"
"│                                                                              │"
"│                                                                              │"
"│                                                                              │"
"│                                                                              │"
"│                                                                              │"
"│                                                                              │"
"╰──────────────────────────────────────────────────────────────────────────────╯"
