---
source: basalt/src/note_editor/editor.rs
expression: terminal.backend()
---
"╭──────────────────────────────────────────────────────────────────────────────╮"
"│ 𝕋𝕖𝕤𝕥                                                                         │"
"│ ════════════════════════════════════════════════════════════════════════════ │"
"│                                                                              │"
"│ ## Tasks                                                                     │"
"│ ──────────────────────────────────────────────────────────────────────────── │"
"│ □ one                                                                        │"
"│ □ two                                                                        │"
"│                                                                              │"
"│                                                                              │"
"│                                                                              │"
"│ next paragraph                                                               │"
"│                                                                              │"
"│                                                                              │"
"│                                                                              │"
"│                                                                              │"
"│                                                                              │"
"│                                                                              │"
"│                                                                              │"
"╰ EDIT ────────────────────────────────────────────────────────────────────────╯"
