---
source: basalt/src/note_editor/editor.rs
assertion_line: 468
expression: terminal.backend()
---
"╭──────────────────────────────────────────────────────────────────────────────╮"
"│ 𝕋𝕖𝕤𝕥                                                                         │"
"│ ════════════════════════════════════════════════════════════════════════════ │"
"│                                                                              │"
"│ Shopping                                                                     │"
"│ ──────────────────────────────────────────────────────────────────────────── │"
"│                                                                              │"
"│ ● apples                                                                     │"
"│ - bananas                                                                    │"
"│ ● cherries                                                                   │"
"│                                                                              │"
"│                                                                              │"
"│                                                                              │"
"│                                                                              │"
"│                                                                              │"
"│                                                                              │"
"│                                                                              │"
"│                                                                              │"
"│                                                                              │"
"╰ EDIT ────────────────────────────────────────────────────────────────────────╯"
