---
source: basalt/src/note_editor/editor.rs
expression: terminal.backend()
---
"╭──────────────────────────────────────────────────────────────────────────────╮"
"│ 𝕔𝕠𝕕𝕖_𝕤𝕪𝕟𝕥𝕒𝕩_𝕙𝕚𝕘𝕙𝕝𝕚𝕘𝕙𝕥𝕚𝕟𝕘_𝕚𝕟_𝕓𝕝𝕠𝕔𝕜𝕤                                           │"
"│ ════════════════════════════════════════════════════════════════════════════ │"
"│                                                                              │"
"│ Code syntax highlighting in blocks                                           │"
"│ ──────────────────────────────────────────────────────────────────────────── │"
"│ You can add syntax highlighting to a code block, by adding a language code   │"
"│ ⤷ after the first set of backticks.                                          │"
"│                                                                              │"
"│                                                                              │"
"│  function fancyAlert(arg) {                                                  │"
"│    if(arg) {                                                                 │"
"│      $.facebox({div:'#foo'})                                                 │"
"│    }                                                                         │"
"│  }                                                                           │"
"│                                                                              │"
"│                                                                              │"
"│                                                                              │"
"│                                                                              │"
"╰ READ ────────────────────────────────────────────────────────────────────────╯"
