---
source: basalt/src/note_editor/editor.rs
expression: terminal.backend()
---
"╭──────────────────────────────────────────────────────────────────────────────╮"
"│ 𝕥𝕒𝕓𝕝𝕖𝕤                                                                       │"
"│ ════════════════════════════════════════════════════════════════════════════ │"
"│                                                                              │"
"│ Tables                                                                       │"
"│ ──────────────────────────────────────────────────────────────────────────── │"
"│ Columns size to their content and wrap long text so the table fits.          │"
"│                                                                              │"
"│ ┌───────┬────────────┬─────────────────────────────────────────────────────┐ │"
"│ │ Name  │    Role    │                                               Notes │ │"
"│ ├───────┼────────────┼─────────────────────────────────────────────────────┤ │"
"│ │ Alice │ Maintainer │   Writes most of the core code and reviews incoming │ │"
"│ │       │            │                                      pull requests. │ │"
"│ ├───────┼────────────┼─────────────────────────────────────────────────────┤ │"
"│ │ Bob   │  Reviewer  │                                         Short note. │ │"
"│ └───────┴────────────┴─────────────────────────────────────────────────────┘ │"
"│                                                                              │"
"│                                                                              │"
"│                                                                              │"
"╰ READ ────────────────────────────────────────────────────────────────────────╯"
