---
source: basalt/src/note_editor/editor.rs
expression: terminal.backend()
---
"╭──────────────────────────────────────────────────────────────────────────────╮"
"│    𝓣𝓮𝓼𝓽                                                                      │"
"│    ═════════════════════════════════════════════════════════════════════════ │"
"│                                                                              │"
"│  1 ## Heading                                                                │"
"│    ───────────────────────────────────────────────────────────────────────── │"
"│  2 Paragraph immediately under heading.                                      │"
"│  3 ● first item                                                              │"
"│  4 ● second item                                                             │"
"│  5                                                                           │"
"│                                                                              │"
"│                                                                              │"
"│                                                                              │"
"│                                                                              │"
"│                                                                              │"
"│                                                                              │"
"│                                                                              │"
"│                                                                              │"
"│                                                                              │"
"╰──────────────────────────────────────────────────────────────────────────────╯"
