---
source: basalt/src/note_editor/editor.rs
expression: terminal.backend()
---
"╭──────────────────────────────────────────────────────────────────────────────╮"
"│ 𝕋𝕖𝕤𝕥                                                                         │"
"│ ════════════════════════════════════════════════════════════════════════════ │"
"│                                                                              │"
"│ ## Heading                                                                   │"
"│ ──────────────────────────────────────────────────────────────────────────── │"
"│ Paragraph immediately under heading.                                         │"
"│ ● first item                                                                 │"
"│ ● second item                                                                │"
"│                                                                              │"
"│                                                                              │"
"│                                                                              │"
"│                                                                              │"
"│                                                                              │"
"│                                                                              │"
"│                                                                              │"
"│                                                                              │"
"│                                                                              │"
"│                                                                              │"
"╰ EDIT ────────────────────────────────────────────────────────────────────────╯"
