---
source: basalt/src/explorer.rs
expression: terminal.backend()
---
"┏ Test ━━━━━━━━━━━━━━━━ ↓≡ ◀ ┓"
"┃                            ┃"
"┃                            ┃"
"┃                            ┃"
"┃                            ┃"
"┃                            ┃"
"┃                            ┃"
"┃                            ┃"
"┃                            ┃"
"┗━━━━━━━━━━━━━━━━━━━━━━━━━━━━┛"
