---
source: basalt/src/cli.rs
expression: help
---
Usage: basalt [OPTIONS] [FILE]

Arguments:
  [FILE]  Open a single markdown file instead of a vault. The file is created if it does not exist

Options:
      --debug                  Open the debug log overlay on startup
      --log-level <LOG_LEVEL>  Minimum log level shown in the debug log overlay [default: trace] [possible values: trace, debug, info, warn, error]
      --theme <THEME>          Override the configured theme by name (e.g. "causeway-dark")
  -h, --help                   Print help
  -V, --version                Print version
